// Jest Snapshot v1, https://goo.gl/fbAQLP

exports[`SendMoneyButton renders correctly and matches snapshot 1`] = `
<button
  class="MuiButtonBase-root MuiButton-root MuiButton-text MuiButton-textPrimary MuiButton-sizeMedium MuiButton-textSizeMedium MuiButton-colorPrimary MuiButton-root MuiButton-text MuiButton-textPrimary MuiButton-sizeMedium MuiButton-textSizeMedium MuiButton-colorPrimary css-117n223-MuiButtonBase-root-MuiButton-root"
  tabindex="0"
  type="button"
>
  <div
    class="MuiStack-root css-5l7in0-MuiStack-root"
  >
    Send
    <svg
      aria-busy="false"
      aria-hidden="true"
      class="MuiBox-root css-7153nf"
      fill="none"
      role="img"
      viewBox="0 0 21 18"
      xmlns="http://www.w3.org/2000/svg"
    >
      <path
        d="M20.9857 0.726043C21.0881 0.26211 20.6209 -0.129073 20.1652 0.0402252L0.395798 7.38713C0.157869 7.47558 0.000493341 7.69758 1.15777e-06 7.9455C-0.000491025 8.19346 0.155982 8.41606 0.393584 8.50538L5.94717 10.5935V17.1703C5.94717 17.4477 6.14286 17.6888 6.42012 17.7529C6.69554 17.8167 6.98273 17.6891 7.11184 17.4398L9.40874 13.0026L15.014 17.0523C15.355 17.2986 15.8451 17.1419 15.9692 16.7461C21.2027 0.0415434 20.9764 0.768008 20.9857 0.726043V0.726043ZM16.1057 2.83101L6.4752 9.50787L2.33151 7.94993L16.1057 2.83101ZM7.17763 10.4914L15.5721 4.67153C8.34878 12.0899 8.72604 11.6994 8.69454 11.7407C8.64774 11.802 8.77595 11.5631 7.17763 14.6508V10.4914ZM15.0467 15.5842L10.1128 12.0195L19.034 2.85737L15.0467 15.5842Z"
        fill="#FFFFFF"
      />
    </svg>
  </div>
</button>
`;
