// Jest Snapshot v1, https://goo.gl/fbAQLP

exports[`CardBalance renders correctly and matches snapshot 1`] = `
<div
  class="MuiStack-root css-1e6kwg5-MuiStack-root"
>
  <h6
    class="MuiTypography-root MuiTypography-subtitle2 css-1mlb6s-MuiTypography-root"
    contrast="dark"
  >
    Available Balance
  </h6>
  <h6
    class="MuiTypography-root MuiTypography-subtitle2 css-lgs5qv-MuiTypography-root"
    contrast="dark"
  >
    $1,000
  </h6>
</div>
`;
